Flow report for Bram_IP_task
Wed Jan 07 12:57:11 2026
Quartus Prime Version 18.1.0 Build 625 09/12/2018 SJ Lite Edition


---------------------
; Table of Contents ;
---------------------
  1. Legal Notice
  2. Flow Summary
  3. Flow Settings
  4. Flow Non-Default Global Settings
  5. Flow Elapsed Time
  6. Flow OS Summary
  7. Flow Log
  8. Flow Messages
  9. Flow Suppressed Messages



----------------
; Legal Notice ;
----------------
Copyright (C) 2018  Intel Corporation. All rights reserved.
Your use of Intel Corporation's design tools, logic functions 
and other software and tools, and its AMPP partner logic 
functions, and any output files from any of the foregoing 
(including device programming or simulation files), and any 
associated documentation or information are expressly subject 
to the terms and conditions of the Intel Program License 
Subscription Agreement, the Intel Quartus Prime License Agreement,
the Intel FPGA IP License Agreement, or other applicable license
agreement, including, without limitation, that your use is for
the sole purpose of programming logic devices manufactured by
Intel and sold by Intel or its authorized distributors.  Please
refer to the applicable agreement for further details.



+-------------------------------------------------------------------------------+
; Flow Summary                                                                  ;
+---------------------------------+---------------------------------------------+
; Flow Status                     ; Successful - Wed Jan 07 12:57:11 2026       ;
; Quartus Prime Version           ; 18.1.0 Build 625 09/12/2018 SJ Lite Edition ;
; Revision Name                   ; Bram_IP_task                                ;
; Top-level Entity Name           ; Bram_IP_task                                ;
; Family                          ; Cyclone V                                   ;
; Device                          ; 5CEFA2F23C6                                 ;
; Timing Models                   ; Final                                       ;
; Logic utilization (in ALMs)     ; 85 / 9,430 ( < 1 % )                        ;
; Total registers                 ; 123                                         ;
; Total pins                      ; 21 / 224 ( 9 % )                            ;
; Total virtual pins              ; 0                                           ;
; Total block memory bits         ; 64 / 1,802,240 ( < 1 % )                    ;
; Total DSP Blocks                ; 0 / 25 ( 0 % )                              ;
; Total HSSI RX PCSs              ; 0                                           ;
; Total HSSI PMA RX Deserializers ; 0                                           ;
; Total HSSI TX PCSs              ; 0                                           ;
; Total HSSI PMA TX Serializers   ; 0                                           ;
; Total PLLs                      ; 0 / 4 ( 0 % )                               ;
; Total DLLs                      ; 0 / 4 ( 0 % )                               ;
+---------------------------------+---------------------------------------------+


+-----------------------------------------+
; Flow Settings                           ;
+-------------------+---------------------+
; Option            ; Setting             ;
+-------------------+---------------------+
; Start date & time ; 01/07/2026 12:53:55 ;
; Main task         ; Compilation         ;
; Revision Name     ; Bram_IP_task        ;
+-------------------+---------------------+


+-----------------------------------------------------------------------------------------------------------------------------+
; Flow Non-Default Global Settings                                                                                            ;
+-------------------------------------+----------------------------------------+---------------+-------------+----------------+
; Assignment Name                     ; Value                                  ; Default Value ; Entity Name ; Section Id     ;
+-------------------------------------+----------------------------------------+---------------+-------------+----------------+
; COMPILER_SIGNATURE_ID               ; 198237821055212.176777243402924        ; --            ; --          ; --             ;
; EDA_OUTPUT_DATA_FORMAT              ; Verilog Hdl                            ; --            ; --          ; eda_simulation ;
; EDA_SIMULATION_TOOL                 ; ModelSim-Altera (Verilog)              ; <None>        ; --          ; --             ;
; EDA_TIME_SCALE                      ; 1 ps                                   ; --            ; --          ; eda_simulation ;
; MAX_CORE_JUNCTION_TEMP              ; 85                                     ; --            ; --          ; --             ;
; MIN_CORE_JUNCTION_TEMP              ; 0                                      ; --            ; --          ; --             ;
; MISC_FILE                           ; Bram_Ram_ip_inst.v                     ; --            ; --          ; --             ;
; MISC_FILE                           ; Bram_Ram_ip_bb.v                       ; --            ; --          ; --             ;
; PARTITION_COLOR                     ; -- (Not supported for targeted family) ; --            ; --          ; Top            ;
; PARTITION_FITTER_PRESERVATION_LEVEL ; -- (Not supported for targeted family) ; --            ; --          ; Top            ;
; PARTITION_NETLIST_TYPE              ; -- (Not supported for targeted family) ; --            ; --          ; Top            ;
; PROJECT_OUTPUT_DIRECTORY            ; output_files                           ; --            ; --          ; --             ;
+-------------------------------------+----------------------------------------+---------------+-------------+----------------+


+--------------------------------------------------------------------------------------------------------------------------+
; Flow Elapsed Time                                                                                                        ;
+----------------------+--------------+-------------------------+---------------------+------------------------------------+
; Module Name          ; Elapsed Time ; Average Processors Used ; Peak Virtual Memory ; Total CPU Time (on all processors) ;
+----------------------+--------------+-------------------------+---------------------+------------------------------------+
; Analysis & Synthesis ; 00:01:02     ; 1.0                     ; 4865 MB             ; 00:01:41                           ;
; Fitter               ; 00:01:26     ; 1.0                     ; 5990 MB             ; 00:01:50                           ;
; Assembler            ; 00:00:12     ; 1.0                     ; 4813 MB             ; 00:00:07                           ;
; Timing Analyzer      ; 00:00:20     ; 1.0                     ; 5068 MB             ; 00:00:17                           ;
; EDA Netlist Writer   ; 00:00:05     ; 1.0                     ; 4730 MB             ; 00:00:04                           ;
; Total                ; 00:03:05     ; --                      ; --                  ; 00:03:59                           ;
+----------------------+--------------+-------------------------+---------------------+------------------------------------+


+------------------------------------------------------------------------------------+
; Flow OS Summary                                                                    ;
+----------------------+------------------+------------+------------+----------------+
; Module Name          ; Machine Hostname ; OS Name    ; OS Version ; Processor type ;
+----------------------+------------------+------------+------------+----------------+
; Analysis & Synthesis ; ManahilEjaz      ; Windows 10 ; 10.0       ; x86_64         ;
; Fitter               ; ManahilEjaz      ; Windows 10 ; 10.0       ; x86_64         ;
; Assembler            ; ManahilEjaz      ; Windows 10 ; 10.0       ; x86_64         ;
; Timing Analyzer      ; ManahilEjaz      ; Windows 10 ; 10.0       ; x86_64         ;
; EDA Netlist Writer   ; ManahilEjaz      ; Windows 10 ; 10.0       ; x86_64         ;
+----------------------+------------------+------------+------------+----------------+


------------
; Flow Log ;
------------
quartus_map --read_settings_files=on --write_settings_files=off Bram_IP_task -c Bram_IP_task
quartus_fit --read_settings_files=off --write_settings_files=off Bram_IP_task -c Bram_IP_task
quartus_asm --read_settings_files=off --write_settings_files=off Bram_IP_task -c Bram_IP_task
quartus_sta Bram_IP_task -c Bram_IP_task
quartus_eda --read_settings_files=off --write_settings_files=off Bram_IP_task -c Bram_IP_task



